2026-08-06 07:34:55.595: [INFO] CurrentProfilePath: C:\Users\user\AppData\Local\Temp\flutter_tools.dfe8b7dc\flutter_tools_chrome_device.bd71b8aa\Default
2026-08-06 07:34:55.595: [INFO] Profiles total count: 1
2026-08-06 07:34:55.595: [INFO] Profile: name=Profile 1 path=C:\Users\user\AppData\Local\Temp\flutter_tools.dfe8b7dc\flutter_tools_chrome_device.bd71b8aa\Default lastActive=null
2026-08-06 07:34:55.595: [INFO] LastUsedProfileDir: C:\Users\user\AppData\Local\Temp\flutter_tools.dfe8b7dc\flutter_tools_chrome_device.bd71b8aa\Default
2026-08-06 07:34:55.595: [INFO] VisibilityChanged: 0
2026-08-06 07:34:55.645: [INFO] RecordSyncInitDuration has_sync_been_enabled: 0 state: 0
2026-08-06 07:34:55.647: [INFO] RecordSyncInitDuration has_sync_been_enabled: 0 state: 0
2026-08-06 07:34:55.649: [INFO] RecordSyncInitDuration has_sync_been_enabled: 0 state: 0
2026-08-06 07:34:55.650: [INFO] RecordSyncInitDuration has_sync_been_enabled: 0 state: 0
2026-08-06 07:34:55.651: [INFO] RecordSyncInitDuration has_sync_been_enabled: 0 state: 0
2026-08-06 07:34:55.652: [INFO] RecordSyncInitDuration has_sync_been_enabled: 0 state: 0
2026-08-06 07:34:55.653: [INFO] RecordSyncInitDuration has_sync_been_enabled: 0 state: 0
2026-08-06 07:34:55.654: [INFO] RecordSyncInitDuration has_sync_been_enabled: 0 state: 0
2026-08-06 07:34:55.655: [INFO] RecordSyncInitDuration has_sync_been_enabled: 0 state: 0
2026-08-06 07:34:55.656: [INFO] RecordSyncInitDuration has_sync_been_enabled: 0 state: 0
2026-08-06 07:34:55.945: [INFO] OnDoneLoading sync enabled: 0
2026-08-06 07:34:55.945: [INFO] BookmarkModelLoaded, ids_reassigned: 0
2026-08-06 07:34:55.945: [INFO] BookmarksLoadDropped droppedNodes=0
2026-08-06 07:34:55.945: [INFO] BookmarksSnapshot Startup total=0 bar=0 other=0 mobile=0 showBar=0 showBarNTP=1
2026-08-06 07:35:08.158: [INFO] RecordSyncInitDuration has_sync_been_enabled: 0 state: 0
2026-08-06 07:35:24.509: [INFO] RecordSyncInitDuration has_sync_been_enabled: 0 state: 0
2026-08-06 07:35:24.512: [INFO] RecordSyncInitDuration has_sync_been_enabled: 0 state: 0
2026-08-06 07:35:25.226: [INFO] Primary account changed.
2026-08-06 07:35:25.226: [INFO] OnPrimaryAccountChanged PrimaryAccountChangeEvent::Type::kSet
2026-08-06 07:35:25.233: [INFO] RecordSyncInitDuration has_sync_been_enabled: 0 state: 0
2026-08-06 07:35:25.235: [INFO] RecordSyncInitDuration has_sync_been_enabled: 0 state: 0
2026-08-06 08:22:13.059: [INFO] BookmarksSnapshot Shutdown total=0 bar=0 other=0 mobile=0 showBar=0 showBarNTP=1
